'open' doesn't work? use 'start chapter1.txt'

start will open the file outside of vscode however.

not sure of solution  atm




'git commit -m "complete chapter 1"'
it is convention to use present tense, you COMPLETED chapter 1 but write complete chapter 1.
Finish not finished etc

(.venv) 
laura@Lauras-PC MINGW64 /c/Users/laura/OneDrive/Desktop/Udemy Yu Shit/day 69
$ cd ..
(.venv) 
laura@Lauras-PC MINGW64 /c/Users/laura/OneDrive/Desktop/Udemy Yu Shit
$ cd ..
(.venv) 
laura@Lauras-PC MINGW64 /c/Users/laura/OneDrive/Desktop
$ cd Story
(.venv) 
laura@Lauras-PC MINGW64 /c/Users/laura/OneDrive/Desktop/Story
$ cat chapter1.txt
(.venv) 
laura@Lauras-PC MINGW64 /c/Users/laura/OneDrive/Desktop/Story
$ start chapter1.txt
(.venv) 
laura@Lauras-PC MINGW64 /c/Users/laura/OneDrive/Desktop/Story
$ git init
Initialized empty Git repository in C:/Users/laura/OneDrive/Desktop/Story/.git/
(.venv) 
laura@Lauras-PC MINGW64 /c/Users/laura/OneDrive/Desktop/Story (master)
$ ls -a
./  ../  .git/  chapter1.txt  NOTES.txt
(.venv) 
laura@Lauras-PC MINGW64 /c/Users/laura/OneDrive/Desktop/Story (master)
$ git status
On branch master

No commits yet

Untracked files:
  (use "git add <file>..." to include in what will be committed)
        NOTES.txt
        chapter1.txt

nothing added to commit but untracked files present (use "git add" to track)
(.venv) 
laura@Lauras-PC MINGW64 /c/Users/laura/OneDrive/Desktop/Story (master)
$ git add chapter1.txt
(.venv) 
laura@Lauras-PC MINGW64 /c/Users/laura/OneDrive/Desktop/Story (master)
$ git status
On branch master

No commits yet

Changes to be committed:
  (use "git rm --cached <file>..." to unstage)
        new file:   chapter1.txt

Untracked files:
  (use "git add <file>..." to include in what will be committed)
        NOTES.txt

(.venv) 
laura@Lauras-PC MINGW64 /c/Users/laura/OneDrive/Desktop/Story (master)
$ git commit -m "Initial Commit"
Author identity unknown

*** Please tell me who you are.

Run

  git config --global user.email "you@example.com"
  git config --global user.name "Your Name"

to set your account's default identity.
Omit --global to set the identity only in this repository.

fatal: unable to auto-detect email address (got 'laura@Lauras-PC.(none)')
(.venv) 
laura@Lauras-PC MINGW64 /c/Users/laura/OneDrive/Desktop/Story (master)
$ git config --global user.email "lauracain12345@gmail.com"
error: could not lock config file C:/Users/laura/OneDrive/Desktop/Story/C/x3a/Users/laura/.gitconfig: No such file or directory
(.venv) 
laura@Lauras-PC MINGW64 /c/Users/laura/OneDrive/Desktop/Story (master)
$ git config user.email "lauracain12345@gmail.com"
(.venv) 
laura@Lauras-PC MINGW64 /c/Users/laura/OneDrive/Desktop/Story (master)
$ git config user.name "Laura"
(.venv) 
laura@Lauras-PC MINGW64 /c/Users/laura/OneDrive/Desktop/Story (master)
$ git commit -m "commit 1"
[master (root-commit) 90a6c19] commit 1
 1 file changed, 1 insertion(+)
 create mode 100644 chapter1.txt
(.venv) 
laura@Lauras-PC MINGW64 /c/Users/laura/OneDrive/Desktop/Story (master)
$ git log
commit 90a6c1910ab697f55adc2fc0638517e0e4e70757 (HEAD -> master)
Author: Laura <lauracain12345@gmail.com>
Date:   Mon May 12 14:40:37 2025 +1000

    commit 1
(.venv) 
laura@Lauras-PC MINGW64 /c/Users/laura/OneDrive/Desktop/Story (master)
$ touch chapter2.txt
(.venv) 
laura@Lauras-PC MINGW64 /c/Users/laura/OneDrive/Desktop/Story (master)
$ touch chapter3.txt
(.venv) 
laura@Lauras-PC MINGW64 /c/Users/laura/OneDrive/Desktop/Story (master)
$ start chapter2.txt
(.venv) 
laura@Lauras-PC MINGW64 /c/Users/laura/OneDrive/Desktop/Story (master)
$ start chapter3.txt
(.venv) 
laura@Lauras-PC MINGW64 /c/Users/laura/OneDrive/Desktop/Story (master)
$ git status
On branch master
Untracked files:
  (use "git add <file>..." to include in what will be committed)
        NOTES.txt
        chapter2.txt
        chapter3.txt

nothing added to commit but untracked files present (use "git add" to track)
(.venv) 
laura@Lauras-PC MINGW64 /c/Users/laura/OneDrive/Desktop/Story (master)
$ git add chapter2.txt
(.venv) 
laura@Lauras-PC MINGW64 /c/Users/laura/OneDrive/Desktop/Story (master)
$ git add chapter3.txt
(.venv) 
laura@Lauras-PC MINGW64 /c/Users/laura/OneDrive/Desktop/Story (master)
$ git add .
(.venv) 
laura@Lauras-PC MINGW64 /c/Users/laura/OneDrive/Desktop/Story (master)
$ git status
On branch master
Changes to be committed:
  (use "git restore --staged <file>..." to unstage)
        new file:   NOTES.txt
        new file:   chapter2.txt
        new file:   chapter3.txt

(.venv) 
laura@Lauras-PC MINGW64 /c/Users/laura/OneDrive/Desktop/Story (master)
$ git commit -m "add chapter2 chapter3, notes"
[master 4251ee1] add chapter2 chapter3, notes
 3 files changed, 14 insertions(+)
 create mode 100644 NOTES.txt
 create mode 100644 chapter2.txt
 create mode 100644 chapter3.txt
(.venv) 
laura@Lauras-PC MINGW64 /c/Users/laura/OneDrive/Desktop/Story (master)
$ git log
commit 4251ee15254f1cce0d858984c62b1967b0765111 (HEAD -> master)
Author: Laura <lauracain12345@gmail.com>
Date:   Mon May 12 14:44:46 2025 +1000

    add chapter2 chapter3, notes

commit 90a6c1910ab697f55adc2fc0638517e0e4e70757
Author: Laura <lauracain12345@gmail.com>
Date:   Mon May 12 14:40:37 2025 +1000

    commit 1
(.venv) 
laura@Lauras-PC MINGW64 /c/Users/laura/OneDrive/Desktop/Story (master)
$ git status
On branch master
nothing to commit, working tree clean
(.venv) 
laura@Lauras-PC MINGW64 /c/Users/laura/OneDrive/Desktop/Story (master)
$ start chapter3.txt
(.venv) 
laura@Lauras-PC MINGW64 /c/Users/laura/OneDrive/Desktop/Story (master)
$ git status
On branch master
Changes not staged for commit:
  (use "git add <file>..." to update what will be committed)
  (use "git restore <file>..." to discard changes in working directory)
        modified:   chapter3.txt

no changes added to commit (use "git add" and/or "git commit -a")
(.venv) 
laura@Lauras-PC MINGW64 /c/Users/laura/OneDrive/Desktop/Story (master)
$ git diff chapter3.txt
diff --git a/chapter3.txt b/chapter3.txt
index 3da605d..e2f2685 100644
--- a/chapter3.txt
+++ b/chapter3.txt
@@ -1 +1,2 @@
 it was the spring of hope it was the winter of despair
+ass
\ No newline at end of file
(.venv) 
laura@Lauras-PC MINGW64 /c/Users/laura/OneDrive/Desktop/Story (master)
$ git checkout chapter3.txt
Updated 1 path from the index
(.venv) 
laura@Lauras-PC MINGW64 /c/Users/laura/OneDrive/Desktop/Story (master)
$ git diff chapter3.txt
(.venv) 
laura@Lauras-PC MINGW64 /c/Users/laura/OneDrive/Desktop/Story (master)
$

---
laura@Lauras-PC MINGW64 ~/OneDrive/Desktop/Story (main)
$ cd Desktop
bash: cd: Desktop: No such file or directory

laura@Lauras-PC MINGW64 ~/OneDrive/Desktop/Story (main)
$ cd

laura@Lauras-PC MINGW64 ~
$ cd Desktop
bash: cd: Desktop: No such file or directory

laura@Lauras-PC MINGW64 ~
$ cd

laura@Lauras-PC MINGW64 ~
$ cd

laura@Lauras-PC MINGW64 ~
$ cd

laura@Lauras-PC MINGW64 ~
$ cd ..

laura@Lauras-PC MINGW64 /c/Users
$ cd Desktop
bash: cd: Desktop: No such file or directory

laura@Lauras-PC MINGW64 /c/Users
$ cd C:\Users\laura\OneDrive\Desktop
bash: cd: C:UserslauraOneDriveDesktop: No such file or directory

laura@Lauras-PC MINGW64 /c/Users
$ cd Laura

laura@Lauras-PC MINGW64 /c/Users/Laura
$ cd OneDrive

laura@Lauras-PC MINGW64 /c/Users/Laura/OneDrive
$ cd Desktop

laura@Lauras-PC MINGW64 /c/Users/Laura/OneDrive/Desktop
$ mkdir Project

laura@Lauras-PC MINGW64 /c/Users/Laura/OneDrive/Desktop
$ cd Project

laura@Lauras-PC MINGW64 /c/Users/Laura/OneDrive/Desktop/Project
$ touch file1.txt

laura@Lauras-PC MINGW64 /c/Users/Laura/OneDrive/Desktop/Project
$ touch file2.txt

laura@Lauras-PC MINGW64 /c/Users/Laura/OneDrive/Desktop/Project
$ touch file3.txt

laura@Lauras-PC MINGW64 /c/Users/Laura/OneDrive/Desktop/Project
$ touch file4.txt

laura@Lauras-PC MINGW64 /c/Users/Laura/OneDrive/Desktop/Project
$ touch secrets.ttx

laura@Lauras-PC MINGW64 /c/Users/Laura/OneDrive/Desktop/Project
$ touch secrets.txt

laura@Lauras-PC MINGW64 /c/Users/Laura/OneDrive/Desktop/Project
$ rm secrets.ttx

laura@Lauras-PC MINGW64 /c/Users/Laura/OneDrive/Desktop/Project
$ ls
file1.txt  file2.txt  file3.txt  file4.txt  secrets.txt

laura@Lauras-PC MINGW64 /c/Users/Laura/OneDrive/Desktop/Project
$ echo "secret passwords api keys etc etc \n etc" secrets.txt
secret passwords api keys etc etc \n etc secrets.txt

laura@Lauras-PC MINGW64 /c/Users/Laura/OneDrive/Desktop/Project
$ echo "secret passwords api keys etc etc \n etc" >> secrets.txt

laura@Lauras-PC MINGW64 /c/Users/Laura/OneDrive/Desktop/Project
$ ls -a
./  ../  file1.txt  file2.txt  file3.txt  file4.txt  secrets.txt

laura@Lauras-PC MINGW64 /c/Users/Laura/OneDrive/Desktop/Project
$ touch .gitignore

laura@Lauras-PC MINGW64 /c/Users/Laura/OneDrive/Desktop/Project
$ ls
file1.txt  file2.txt  file3.txt  file4.txt  secrets.txt

laura@Lauras-PC MINGW64 /c/Users/Laura/OneDrive/Desktop/Project
$ ls -a
./  ../  .gitignore  file1.txt  file2.txt  file3.txt  file4.txt  secrets.txt

laura@Lauras-PC MINGW64 /c/Users/Laura/OneDrive/Desktop/Project
$ open -a /Applications/Visual\ Studio\ Code.app .gitignore
bash: open: command not found

laura@Lauras-PC MINGW64 /c/Users/Laura/OneDrive/Desktop/Project
$ start -a /Applications/Visual\ Studio\ Code.app .gitignore
The system cannot find the file -a.

laura@Lauras-PC MINGW64 /c/Users/Laura/OneDrive/Desktop/Project
$ start /Applications/Visual\ Studio\ Code.app .gitignore

laura@Lauras-PC MINGW64 /c/Users/Laura/OneDrive/Desktop/Project
$ git init
Initialized empty Git repository in C:/Users/laura/OneDrive/Desktop/Project/.git/

laura@Lauras-PC MINGW64 /c/Users/Laura/OneDrive/Desktop/Project (master)
$ git add .
warning: in the working copy of 'secrets.txt', LF will be replaced by CRLF the next time Git touches it

laura@Lauras-PC MINGW64 /c/Users/Laura/OneDrive/Desktop/Project (master)
$ git status
On branch master

No commits yet

Changes to be committed:
  (use "git rm --cached <file>..." to unstage)
        new file:   .gitignore
        new file:   file1.txt
        new file:   file2.txt
        new file:   file3.txt
        new file:   file4.txt
        new file:   secrets.txt


laura@Lauras-PC MINGW64 /c/Users/Laura/OneDrive/Desktop/Project (master)
$ git rm --cached -r .
rm '.gitignore'
rm 'file1.txt'
rm 'file2.txt'
rm 'file3.txt'
rm 'file4.txt'
rm 'secrets.txt'

laura@Lauras-PC MINGW64 /c/Users/Laura/OneDrive/Desktop/Project (master)
$ git add .

laura@Lauras-PC MINGW64 /c/Users/Laura/OneDrive/Desktop/Project (master)
$ git status
On branch master

No commits yet

Changes to be committed:
  (use "git rm --cached <file>..." to unstage)
        new file:   .gitignore
        new file:   file1.txt
        new file:   file2.txt
        new file:   file3.txt
        new file:   file4.txt


laura@Lauras-PC MINGW64 /c/Users/Laura/OneDrive/Desktop/Project (master)
$ git commit -m "Initial Commit"
Author identity unknown

*** Please tell me who you are.

Run

  git config --global user.email "you@example.com"
  git config --global user.name "Your Name"

to set your account's default identity.
Omit --global to set the identity only in this repository.

fatal: unable to auto-detect email address (got 'laura@Lauras-PC.(none)')

laura@Lauras-PC MINGW64 /c/Users/Laura/OneDrive/Desktop/Project (master)
$ git config --global user.email lauracain12345@gmail.com

laura@Lauras-PC MINGW64 /c/Users/Laura/OneDrive/Desktop/Project (master)
$ git config --global user.name laura

laura@Lauras-PC MINGW64 /c/Users/Laura/OneDrive/Desktop/Project (master)
$ git commit -m "Initial Commit"
[master (root-commit) 06b9e3e] Initial Commit
 5 files changed, 2 insertions(+)
 create mode 100644 .gitignore
 create mode 100644 file1.txt
 create mode 100644 file2.txt
 create mode 100644 file3.txt
 create mode 100644 file4.txt

laura@Lauras-PC MINGW64 /c/Users/Laura/OneDrive/Desktop/Project (master)
$